// Jest Snapshot v1, https://goo.gl/fbAQLP

exports[`#begin() should push events to stores 1`] = `
"[DBG] === SWITCH TO NEW LOGGER PROVIDED BY begin() ===
[DBG] journey.begin({{
  pulseCount: 200,
  pulseTime: 10,
  serverUrl: undefined,
  cleanStart: false
}})
[DBG] sending http request to: http://localhost:19080/subscribe
[DBG] headers {
  'last-event-id': '0',
  includes: 'type_1,type_2',
  'burst-count': 200,
  'burst-time': 10
}
[DBG] socket opened!
[INF] start receiving data
[DBG] handling events #1 - #2
[DBG] done
[INF] stop processing events"
`;
