// Jest Snapshot v1, https://goo.gl/fbAQLP

exports[`onError rethrown 1`] = `
"[INF] start receiving data
[ERR] unrecoverable error happened while processing event #2
[ERR] {
  type: 'type_2',
  payload: {},
  meta: {
    occurred_at: 1600000000000,
    client: 'jerni',
    clientVersion: 'test'
  },
  id: 2
}
[ERR] inside handler
[INF] stop processing events"
`;

exports[`onError without throwing 1`] = `
"[DBG] journey.begin({{
  pulseCount: 200,
  pulseTime: 10,
  serverUrl: undefined,
  cleanStart: false
}})
[DBG] sending http request to: http://localhost:19084/subscribe
[DBG] headers {
  'last-event-id': '0',
  includes: 'type_1,type_2',
  'burst-count': 200,
  'burst-time': 10
}
[DBG] socket opened!
[INF] start receiving data
[DBG] handling events #1 - #3
[INF] skipped offending event #2
[DBG] done
[INF] stop processing events"
`;
