// Jest Snapshot v1, https://goo.gl/fbAQLP

exports[`#waitFor should wait until the event is fully committed to stores: application logs 1`] = `""`;

exports[`#waitFor should wait until the event is fully committed to stores: jerni cli logs 1`] = `
"[DBG] journey.begin({{
  pulseCount: 200,
  pulseTime: 1,
  serverUrl: undefined,
  cleanStart: false
}})
[DBG] sending http request to: http://localhost:19060/subscribe
[DBG] headers { 'last-event-id': '0', includes: '' }
[DBG] socket opened!
[INF] start receiving data
[DBG] handling event #1
[DBG] done"
`;
