// Jest Snapshot v1, https://goo.gl/fbAQLP

exports[`factory() should fallback to documentation page instead of 404: documentation content 1`] = `"<title>heq-server hint page</title><body><h3>commit</h3><ol><li><code><pre>curl -XPOST http://127.0.0.1:40000/commit \\\\</pre></code></li><li><code><pre>     -d'{\\"type\\": \\"<event-name>\\", \\"payload\\": {\\"key\\": \\"value\\"}}' \\\\</pre></code></li><li><code><pre>     -H\\"content-type: application/json\\"</pre></code></li></ol><h3>query from event #101 - now</h3><ol><li><code><pre>curl http://127.0.0.1:40000/query?lastEventId=100</pre></code></li></ol><h3>subscribe from event #101 - now</h3><ol><li><code><pre>http://127.0.0.1:40000/subscribe \\\\</pre></code></li><li><code><pre>-H\\"Last-Event-ID: 100\\"</pre></code></li></ol></body>"`;
